// Jest Snapshot v1, https://goo.gl/fbAQLP

exports[`App renders component without props 1`] = `
<div
  className="app"
>
  <Header
    title="Medical Image Series Viewer"
  />
  <h3>
    Loading Please wait ....
  </h3>
</div>
`;
